[INFO] Scanning for projects...
[WARNING] 
[WARNING] Some problems were encountered while building the effective model for com.lms:course-service:jar:0.0.1-SNAPSHOT
[WARNING] 'build.plugins.plugin.version' for org.springframework.boot:spring-boot-maven-plugin is missing. @ line 75, column 21
[WARNING] 
[WARNING] It is highly recommended to fix these problems because they threaten the stability of your build.
[WARNING] 
[WARNING] For this reason, future Maven versions might no longer support building such malformed projects.
[WARNING] 
[INFO] 
[INFO] -----------------------< com.lms:course-service >-----------------------
[INFO] Building course-service 0.0.1-SNAPSHOT
[INFO]   from pom.xml
[INFO] --------------------------------[ jar ]---------------------------------
[INFO] 
[INFO] >>> spring-boot:4.0.1:run (default-cli) > test-compile @ course-service >>>
[INFO] 
[INFO] --- resources:3.3.1:resources (default-resources) @ course-service ---
[WARNING] Using platform encoding (UTF-8 actually) to copy filtered resources, i.e. build is platform dependent!
[INFO] Copying 1 resource from src/main/resources to target/classes
[INFO] 
[INFO] --- compiler:3.13.0:compile (default-compile) @ course-service ---
[INFO] Nothing to compile - all classes are up to date.
[INFO] 
[INFO] --- resources:3.3.1:testResources (default-testResources) @ course-service ---
[WARNING] Using platform encoding (UTF-8 actually) to copy filtered resources, i.e. build is platform dependent!
[INFO] skip non existing resourceDirectory /home/labuser/Downloads/Main Project/course-service/src/test/resources
[INFO] 
[INFO] --- compiler:3.13.0:testCompile (default-testCompile) @ course-service ---
[INFO] Nothing to compile - all classes are up to date.
[INFO] 
[INFO] <<< spring-boot:4.0.1:run (default-cli) < test-compile @ course-service <<<
[INFO] 
[INFO] 
[INFO] --- spring-boot:4.0.1:run (default-cli) @ course-service ---
[INFO] Attaching agents: []

  .   ____          _            __ _ _
 /\\ / ___'_ __ _ _(_)_ __  __ _ \ \ \ \
( ( )\___ | '_ | '_| | '_ \/ _` | \ \ \ \
 \\/  ___)| |_)| | | | | || (_| |  ) ) ) )
  '  |____| .__|_| |_|_| |_\__, | / / / /
 =========|_|==============|___/=/_/_/_/

 :: Spring Boot ::               (v3.4.13)

2026-01-22T20:02:03.454Z  INFO 113064 --- [course-service] [           main] c.l.c.CourseServiceApplication           : Starting CourseServiceApplication using Java 17.0.17 with PID 113064 (/home/labuser/Downloads/Main Project/course-service/target/classes started by labuser in /home/labuser/Downloads/Main Project/course-service)
2026-01-22T20:02:03.458Z  INFO 113064 --- [course-service] [           main] c.l.c.CourseServiceApplication           : No active profile set, falling back to 1 default profile: "default"
2026-01-22T20:02:04.334Z  INFO 113064 --- [course-service] [           main] .s.d.r.c.RepositoryConfigurationDelegate : Bootstrapping Spring Data JPA repositories in DEFAULT mode.
2026-01-22T20:02:04.548Z  INFO 113064 --- [course-service] [           main] .s.d.r.c.RepositoryConfigurationDelegate : Finished Spring Data repository scanning in 202 ms. Found 2 JPA repository interfaces.
2026-01-22T20:02:04.852Z  INFO 113064 --- [course-service] [           main] o.s.cloud.context.scope.GenericScope     : BeanFactory id=3ba435d8-8c4d-3fe0-aabe-45cbfc920b7e
2026-01-22T20:02:05.311Z  INFO 113064 --- [course-service] [           main] o.s.b.w.embedded.tomcat.TomcatWebServer  : Tomcat initialized with port 8603 (http)
2026-01-22T20:02:05.326Z  INFO 113064 --- [course-service] [           main] o.apache.catalina.core.StandardService   : Starting service [Tomcat]
2026-01-22T20:02:05.327Z  INFO 113064 --- [course-service] [           main] o.apache.catalina.core.StandardEngine    : Starting Servlet engine: [Apache Tomcat/10.1.50]
2026-01-22T20:02:05.390Z  INFO 113064 --- [course-service] [           main] o.a.c.c.C.[Tomcat].[localhost].[/]       : Initializing Spring embedded WebApplicationContext
2026-01-22T20:02:05.392Z  INFO 113064 --- [course-service] [           main] w.s.c.ServletWebServerApplicationContext : Root WebApplicationContext: initialization completed in 1870 ms
2026-01-22T20:02:05.587Z  INFO 113064 --- [course-service] [           main] o.hibernate.jpa.internal.util.LogHelper  : HHH000204: Processing PersistenceUnitInfo [name: default]
2026-01-22T20:02:05.639Z  INFO 113064 --- [course-service] [           main] org.hibernate.Version                    : HHH000412: Hibernate ORM core version 6.6.39.Final
2026-01-22T20:02:05.673Z  INFO 113064 --- [course-service] [           main] o.h.c.internal.RegionFactoryInitiator    : HHH000026: Second-level cache disabled
2026-01-22T20:02:05.984Z  INFO 113064 --- [course-service] [           main] o.s.o.j.p.SpringPersistenceUnitInfo      : No LoadTimeWeaver setup: ignoring JPA class transformer
2026-01-22T20:02:06.018Z  INFO 113064 --- [course-service] [           main] com.zaxxer.hikari.HikariDataSource       : HikariPool-1 - Starting...
2026-01-22T20:02:06.433Z  INFO 113064 --- [course-service] [           main] com.zaxxer.hikari.pool.HikariPool        : HikariPool-1 - Added connection com.mysql.cj.jdbc.ConnectionImpl@26d8908e
2026-01-22T20:02:06.435Z  INFO 113064 --- [course-service] [           main] com.zaxxer.hikari.HikariDataSource       : HikariPool-1 - Start completed.
2026-01-22T20:02:06.543Z  INFO 113064 --- [course-service] [           main] org.hibernate.orm.connections.pooling    : HHH10001005: Database info:
	Database JDBC URL [Connecting through datasource 'HikariDataSource (HikariPool-1)']
	Database driver: undefined/unknown
	Database version: 8.0.44
	Autocommit mode: undefined/unknown
	Isolation level: undefined/unknown
	Minimum pool size: undefined/unknown
	Maximum pool size: undefined/unknown
2026-01-22T20:02:07.489Z  INFO 113064 --- [course-service] [           main] o.h.e.t.j.p.i.JtaPlatformInitiator       : HHH000489: No JTA platform available (set 'hibernate.transaction.jta.platform' to enable JTA platform integration)
2026-01-22T20:02:07.552Z  INFO 113064 --- [course-service] [           main] j.LocalContainerEntityManagerFactoryBean : Initialized JPA EntityManagerFactory for persistence unit 'default'
2026-01-22T20:02:07.981Z  WARN 113064 --- [course-service] [           main] JpaBaseConfiguration$JpaWebConfiguration : spring.jpa.open-in-view is enabled by default. Therefore, database queries may be performed during view rendering. Explicitly configure spring.jpa.open-in-view to disable this warning
2026-01-22T20:02:08.569Z  INFO 113064 --- [course-service] [           main] DiscoveryClientOptionalArgsConfiguration : Eureka HTTP Client uses RestTemplate.
2026-01-22T20:02:08.618Z  WARN 113064 --- [course-service] [           main] iguration$LoadBalancerCaffeineWarnLogger : Spring Cloud LoadBalancer is currently working with the default cache. While this cache implementation is useful for development and tests, it's recommended to use Caffeine cache in production.You can switch to using Caffeine cache, by adding it and org.springframework.cache.caffeine.CaffeineCacheManager to the classpath.
2026-01-22T20:02:08.650Z  INFO 113064 --- [course-service] [           main] o.s.c.n.eureka.InstanceInfoFactory       : Setting initial instance status as: STARTING
2026-01-22T20:02:08.692Z  INFO 113064 --- [course-service] [           main] com.netflix.discovery.DiscoveryClient    : Initializing Eureka in region us-east-1
2026-01-22T20:02:08.697Z  INFO 113064 --- [course-service] [           main] c.n.d.s.r.aws.ConfigClusterResolver      : Resolving eureka endpoints via configuration
2026-01-22T20:02:08.707Z  INFO 113064 --- [course-service] [           main] com.netflix.discovery.DiscoveryClient    : Disable delta property : false
2026-01-22T20:02:08.707Z  INFO 113064 --- [course-service] [           main] com.netflix.discovery.DiscoveryClient    : Single vip registry refresh property : null
2026-01-22T20:02:08.707Z  INFO 113064 --- [course-service] [           main] com.netflix.discovery.DiscoveryClient    : Force full registry fetch : false
2026-01-22T20:02:08.708Z  INFO 113064 --- [course-service] [           main] com.netflix.discovery.DiscoveryClient    : Application is null : false
2026-01-22T20:02:08.708Z  INFO 113064 --- [course-service] [           main] com.netflix.discovery.DiscoveryClient    : Registered Applications size is zero : true
2026-01-22T20:02:08.708Z  INFO 113064 --- [course-service] [           main] com.netflix.discovery.DiscoveryClient    : Application version is -1: true
2026-01-22T20:02:08.708Z  INFO 113064 --- [course-service] [           main] com.netflix.discovery.DiscoveryClient    : Getting all instance registry info from the eureka server
2026-01-22T20:02:09.122Z  INFO 113064 --- [course-service] [           main] com.netflix.discovery.DiscoveryClient    : The response status is 200
2026-01-22T20:02:09.125Z  INFO 113064 --- [course-service] [           main] com.netflix.discovery.DiscoveryClient    : Starting heartbeat executor: renew interval is: 30
2026-01-22T20:02:09.127Z  INFO 113064 --- [course-service] [           main] c.n.discovery.InstanceInfoReplicator     : InstanceInfoReplicator onDemand update allowed rate per min is 4
2026-01-22T20:02:09.129Z  INFO 113064 --- [course-service] [           main] com.netflix.discovery.DiscoveryClient    : Discovery Client initialized at timestamp 1769112129128 with initial instances count: 5
2026-01-22T20:02:09.134Z  INFO 113064 --- [course-service] [           main] o.s.c.n.e.s.EurekaServiceRegistry        : Registering application COURSE-SERVICE with eureka with status UP
2026-01-22T20:02:09.135Z  INFO 113064 --- [course-service] [           main] com.netflix.discovery.DiscoveryClient    : Saw local status change event StatusChangeEvent [timestamp=1769112129135, current=UP, previous=STARTING]
2026-01-22T20:02:09.137Z  INFO 113064 --- [course-service] [foReplicator-%d] com.netflix.discovery.DiscoveryClient    : DiscoveryClient_COURSE-SERVICE/172.31.5.154:course-service:8603: registering service...
2026-01-22T20:02:09.144Z  INFO 113064 --- [course-service] [           main] o.s.c.n.e.s.EurekaServiceRegistry        : Unregistering application COURSE-SERVICE with eureka with status DOWN
2026-01-22T20:02:09.144Z  INFO 113064 --- [course-service] [           main] com.netflix.discovery.DiscoveryClient    : Saw local status change event StatusChangeEvent [timestamp=1769112129144, current=DOWN, previous=UP]
2026-01-22T20:02:09.145Z  WARN 113064 --- [course-service] [           main] ConfigServletWebServerApplicationContext : Exception encountered during context initialization - cancelling refresh attempt: org.springframework.context.ApplicationContextException: Failed to start bean 'webServerStartStop'
2026-01-22T20:02:09.149Z  INFO 113064 --- [course-service] [           main] j.LocalContainerEntityManagerFactoryBean : Closing JPA EntityManagerFactory for persistence unit 'default'
2026-01-22T20:02:09.153Z  INFO 113064 --- [course-service] [           main] com.zaxxer.hikari.HikariDataSource       : HikariPool-1 - Shutdown initiated...
2026-01-22T20:02:09.164Z  INFO 113064 --- [course-service] [           main] com.zaxxer.hikari.HikariDataSource       : HikariPool-1 - Shutdown completed.
2026-01-22T20:02:09.165Z  INFO 113064 --- [course-service] [           main] com.netflix.discovery.DiscoveryClient    : Shutting down DiscoveryClient ...
2026-01-22T20:02:09.184Z  INFO 113064 --- [course-service] [foReplicator-%d] com.netflix.discovery.DiscoveryClient    : DiscoveryClient_COURSE-SERVICE/172.31.5.154:course-service:8603 - registration status: 204
2026-01-22T20:02:09.185Z  INFO 113064 --- [course-service] [foReplicator-%d] com.netflix.discovery.DiscoveryClient    : DiscoveryClient_COURSE-SERVICE/172.31.5.154:course-service:8603: registering service...
2026-01-22T20:02:09.190Z  INFO 113064 --- [course-service] [foReplicator-%d] com.netflix.discovery.DiscoveryClient    : DiscoveryClient_COURSE-SERVICE/172.31.5.154:course-service:8603 - registration status: 204
2026-01-22T20:02:09.190Z  INFO 113064 --- [course-service] [           main] com.netflix.discovery.DiscoveryClient    : Unregistering ...
2026-01-22T20:02:09.196Z  INFO 113064 --- [course-service] [           main] com.netflix.discovery.DiscoveryClient    : DiscoveryClient_COURSE-SERVICE/172.31.5.154:course-service:8603 - deregister  status: 200
2026-01-22T20:02:09.196Z  INFO 113064 --- [course-service] [           main] com.netflix.discovery.DiscoveryClient    : Completed shut down of DiscoveryClient
2026-01-22T20:02:09.218Z  INFO 113064 --- [course-service] [           main] .s.b.a.l.ConditionEvaluationReportLogger : 

Error starting ApplicationContext. To display the condition evaluation report re-run your application with 'debug' enabled.
2026-01-22T20:02:09.236Z ERROR 113064 --- [course-service] [           main] o.s.b.d.LoggingFailureAnalysisReporter   : 

***************************
APPLICATION FAILED TO START
***************************

Description:

Web server failed to start. Port 8603 was already in use.

Action:

Identify and stop the process that's listening on port 8603 or configure this application to listen on another port.

[INFO] ------------------------------------------------------------------------
[INFO] BUILD FAILURE
[INFO] ------------------------------------------------------------------------
[INFO] Total time:  9.859 s
[INFO] Finished at: 2026-01-22T20:02:09Z
[INFO] ------------------------------------------------------------------------
[ERROR] Failed to execute goal org.springframework.boot:spring-boot-maven-plugin:4.0.1:run (default-cli) on project course-service: Process terminated with exit code: 1 -> [Help 1]
[ERROR] 
[ERROR] To see the full stack trace of the errors, re-run Maven with the -e switch.
[ERROR] Re-run Maven using the -X switch to enable full debug logging.
[ERROR] 
[ERROR] For more information about the errors and possible solutions, please read the following articles:
[ERROR] [Help 1] http://cwiki.apache.org/confluence/display/MAVEN/MojoExecutionException
